QUINTESSENCE OPEN LOOPS – most-recently-worked first; `qq brief <topic>` to resume, `qq menu` for all:
  today      alpha                        alpha essence for surface freeze
  today      beta                         beta essence for surface freeze pairing
  today      extra10                      extra 10 essence
  today      extra11                      extra 11 essence
  today      extra12                      extra 12 essence
  today      extra1                       extra 1 essence
  today      extra2                       extra 2 essence
  today      extra3                       extra 3 essence
  today      extra4                       extra 4 essence
  today      extra5                       extra 5 essence
  today      extra6                       extra 6 essence
  today      extra7                       extra 7 essence
  (+2 older – run `qq menu`)
last touched: beta, alpha
