- [T2 stale?] memory betamem (2026-01-01) vs HEAD beta (updated 2026-06-01T00:00:00Z, sim 0.71) — verify the memory's claims against the HEAD; edit or wave off (`qq waveoff betamem beta`).

----- memory: betamem (full body) -----
---
name: betamem
description: a test memory fact
type: reference
---
betamem body content here.

===== quintessence: beta (BRIEF – newest 3 of 1 update-lines + RE-ENTER; full: qq show beta) =====
# Quintessence — beta
> updated: <<NOW>> (created)
> essence: beta essence for surface freeze pairing
## RE-ENTER HERE
beta re-enter body.

to resolve:
  compatible, not stale:  qq waveoff betamem beta
  genuinely stale:        edit <<KBROOT>>/memory/betamem.md, then re-run: qq check --write
