# Quintessence — exit-note menu
_Pick one to continue (`qq show <topic>`). Saving is automatic; resuming is your choice._

TOPIC                      | UPDATED              | ESSENCE
---------------------------+----------------------+-------
alpha                      | <<NOW>> (created) | alpha essence for surface freeze
beta                       | <<NOW>> (created) | beta essence for surface freeze pairing
